PASS  test_let_simple
PASS  test_let_typed
PASS  test_let_mut
PASS  test_func_no_params
PASS  test_func_with_params
PASS  test_func_generic
PASS  test_func_receiver
PASS  test_func_pub
PASS  test_struct_simple
PASS  test_struct_generic
PASS  test_class_simple
PASS  test_class_with_method
PASS  test_enum_simple
PASS  test_enum_with_data
PASS  test_if_else
PASS  test_if_else_if
PASS  test_while_loop
PASS  test_for_loop
PASS  test_match_stmt
PASS  test_binary_expr
PASS  test_precedence_mul_over_add
PASS  test_unary_neg
PASS  test_method_call
PASS  test_field_access
PASS  test_index_expr
PASS  test_func_call
PASS  test_list_literal
PASS  test_string_interp
PASS  test_lambda
PASS  test_nil_literal
PASS  test_bool_literal
PASS  test_return_value
PASS  test_return_void
PASS  test_assign
PASS  test_interface_simple
PASS  test_interface_with_field
PASS  test_relation_owns
PASS  test_relation_refs
PASS  test_impl_block
PASS  test_top_level_let
PASS  test_import
PASS  test_multiple_funcs
PASS  test_mixed_decls
PASS  test_try_operator
PASS  test_match_expr
PASS  test_struct_literal
PASS  test_where_clause
PASS  test_spawn
PASS  test_break_continue
PASS  test_optional_type
PASS  test_slice_type
PASS  test_tuple_type

52 tests, 52 passed, 0 failed
