PASS  test_field_generates_getter_and_setter
PASS  test_field_generates_multiple_fields
PASS  test_default_impl_extracted
PASS  test_abstract_method_preserved
PASS  test_desugar_all_runs_all_passes
PASS  test_sym_eq_both_null
PASS  test_sym_eq_one_null
PASS  test_sym_eq_same
PASS  test_sym_eq_different

9 tests, 9 passed, 0 failed
